// Jest Snapshot v1, https://goo.gl/fbAQLP

exports[`<RecipeCard/> should render a service section correctly 1`] = `
.c0 {
  max-width: 52.8rem;
  height: 22.5rem;
  width: 100%;
  display: -webkit-box;
  display: -webkit-flex;
  display: -ms-flexbox;
  display: flex;
  -webkit-align-items: center;
  -webkit-box-align: center;
  -ms-flex-align: center;
  align-items: center;
  border-radius: 0.6rem;
  overflow: hidden;
  box-shadow: 0 1.1rem 1.5rem 0 rgba(158,154,154,0.36);
}

.c1 {
  -webkit-flex: 9;
  -ms-flex: 9;
  flex: 9;
  width: 100%;
  height: 100%;
  position: relative;
}

.c2 {
  -webkit-flex: 8;
  -ms-flex: 8;
  flex: 8;
  padding: 0 2.4rem;
}

.c3 {
  margin-bottom: 1.6rem;
  color: #1D164D;
  -webkit-letter-spacing: 0.1rem;
  -moz-letter-spacing: 0.1rem;
  -ms-letter-spacing: 0.1rem;
  letter-spacing: 0.1rem;
}

.c4 {
  padding: 1.6rem 2.4rem;
  background: #BADC58;
  color: #FFFFFF;
  border-radius: 0.6rem;
  -webkit-transition: 0.1s ease-in-out;
  transition: 0.1s ease-in-out;
  cursor: pointer;
  border: none;
  font-size: 1.8rem;
  font-weight: 600;
}

.c4:hover {
  -webkit-filter: brightness(0.95);
  filter: brightness(0.95);
}

@media (max-width:450px) {
  .c0 {
    max-width: 100%;
    -webkit-flex-direction: column;
    -ms-flex-direction: column;
    flex-direction: column;
    height: 40rem;
  }
}

@media (max-width:450px) {
  .c1 {
    -webkit-flex: 9;
    -ms-flex: 9;
    flex: 9;
  }
}

@media (max-width:450px) {
  .c2 {
    -webkit-flex: 5;
    -ms-flex: 5;
    flex: 5;
    display: -webkit-box;
    display: -webkit-flex;
    display: -ms-flexbox;
    display: flex;
    -webkit-flex-direction: column;
    -ms-flex-direction: column;
    flex-direction: column;
    -webkit-align-items: center;
    -webkit-box-align: center;
    -ms-flex-align: center;
    align-items: center;
    text-align: center;
    padding: 1.6rem;
    margin-top: 1.6rem;
  }
}

<div
  class="c0"
>
  <div
    class="c1"
  >
    <div
      style="display: block; overflow: hidden; position: absolute; top: 0px; left: 0px; bottom: 0px; right: 0px; box-sizing: border-box; margin: 0px;"
    >
      <noscript />
      <img
        alt="Broccoli Saladwith Bacon"
        data-nimg="true"
        decoding="async"
        src="data:image/gif;base64,R0lGODlhAQABAIAAAAAAAP///yH5BAEAAAAALAAAAAABAAEAAAIBRAA7"
        style="position: absolute; top: 0px; left: 0px; bottom: 0px; right: 0px; box-sizing: border-box; padding: 0px; margin: auto; display: block; width: 0px; height: 0px; min-width: 100%; max-width: 100%; min-height: 100%; max-height: 100%; object-fit: cover;"
      />
    </div>
  </div>
  <div
    class="c2"
  >
    <h3
      class="c3"
    >
      Broccoli Saladwith Bacon
    </h3>
    <button
      class="c4"
      type="button"
    >
      See Recipe
    </button>
  </div>
</div>
`;
