// Jest Snapshot v1, https://goo.gl/fbAQLP

exports[`<JoinSection/> should render a Join Section correctly 1`] = `
.c0 {
  display: -webkit-box;
  display: -webkit-flex;
  display: -ms-flexbox;
  display: flex;
  max-height: 70rem;
}

.c1 {
  -webkit-flex: 1;
  -ms-flex: 1;
  flex: 1;
  display: -webkit-box;
  display: -webkit-flex;
  display: -ms-flexbox;
  display: flex;
  -webkit-align-items: center;
  -webkit-box-align: center;
  -ms-flex-align: center;
  align-items: center;
  -webkit-box-pack: center;
  -webkit-justify-content: center;
  -ms-flex-pack: center;
  justify-content: center;
  padding: 1.6rem;
}

.c2 {
  width: 100%;
  max-width: 50rem;
}

.c2 button {
  margin-left: 0.8rem;
}

.c3 {
  margin-bottom: 3.2rem;
  font-size: 4.8rem;
  color: #1D164D;
  -webkit-letter-spacing: 0.1rem;
  -moz-letter-spacing: 0.1rem;
  -ms-letter-spacing: 0.1rem;
  letter-spacing: 0.1rem;
  line-height: 1.3;
}

.c7 {
  -webkit-flex: 1;
  -ms-flex: 1;
  flex: 1;
  object-fit: cover;
}

.c6 {
  padding: 1.6rem 2.4rem;
  background: #BADC58;
  color: #FFFFFF;
  border-radius: 0.6rem;
  -webkit-transition: 0.1s ease-in-out;
  transition: 0.1s ease-in-out;
  cursor: pointer;
  border: none;
  font-size: 1.8rem;
  font-weight: 600;
}

.c6:hover {
  -webkit-filter: brightness(0.95);
  filter: brightness(0.95);
}

.c4 {
  width: 100%;
  max-width: 100%;
  display: -webkit-box;
  display: -webkit-flex;
  display: -ms-flexbox;
  display: flex;
  -webkit-flex-direction: column;
  -ms-flex-direction: column;
  flex-direction: column;
  -webkit-box-pack: center;
  -webkit-justify-content: center;
  -ms-flex-pack: center;
  justify-content: center;
  grid-area: email;
}

.c5 {
  display: block;
  width: 100%;
  padding: 1.6rem;
  border: solid 0.1rem #1D164D;
  border-radius: 0.6rem;
  font-size: 1.6rem;
  -webkit-transition: 0.1s ease-in-out;
  transition: 0.1s ease-in-out;
  font-size: 1.4rem;
}

.c5:focus,
.c5:hover {
  outline: none;
}

@media (max-width:1170px) {
  .c0 {
    padding: 5.6rem 1.6rem;
  }
}

@media (max-width:1170px) {
  .c1 {
    -webkit-align-items: center;
    -webkit-box-align: center;
    -ms-flex-align: center;
    align-items: center;
    -webkit-box-pack: center;
    -webkit-justify-content: center;
    -ms-flex-pack: center;
    justify-content: center;
  }
}

@media (max-width:450px) {
  .c3 {
    font-size: 2.8rem;
  }
}

@media (max-width:1170px) {
  .c7 {
    display: none;
  }
}

<section
  class="c0"
>
  <div
    class="c1"
  >
    <div
      class="c2"
    >
      <h1
        class="c3"
      >
        Join our membership to get special offer
      </h1>
      <form
        action="#"
        style="display: flex;"
      >
        <div
          class="c4"
        >
          <input
            autocomplete="off"
            class="c5"
            data-testid="email"
            name="email"
            placeholder="Enter your email address"
            type="email"
            value=""
          />
        </div>
        <button
          aria-label="join"
          class="c6"
          type="submit"
        >
          Join
        </button>
      </form>
    </div>
  </div>
  <img
    class="c7"
    src="/img/bloco_final_image.svg"
  />
</section>
`;
