// Jest Snapshot v1, https://goo.gl/fbAQLP

exports[`<BlogCard/> should render a BlogCard Section correctly 1`] = `
.c0 {
  max-width: 40rem;
  height: 45rem;
  width: 100%;
  border-radius: 0.6rem;
  overflow: hidden;
  box-shadow: 0 1.1rem 1.5rem 0 rgba(10,10,10,0.3);
  border: none;
}

.c1 {
  width: 100%;
  height: 50%;
  position: relative;
}

.c2 {
  padding: 2.4rem;
}

.c3 {
  color: #1D164D;
  font-size: 2.8rem;
}

.c4 {
  display: -webkit-box;
  display: -webkit-flex;
  display: -ms-flexbox;
  display: flex;
  -webkit-align-items: center;
  -webkit-box-align: center;
  -ms-flex-align: center;
  align-items: center;
  margin-top: 1.6rem;
}

.c4 .AuthorPhoto {
  border-radius: 50%;
}

.c5 {
  margin-left: 0.8rem;
  font-size: 2.8rem;
}

@media (min-width:450px) and (max-width:768px) {
  .c3 {
    font-size: 2.8rem;
  }
}

@media (max-width:450px) {
  .c3 {
    font-size: 2.0rem;
  }
}

@media (max-width:450px) {
  .c4 {
    margin-top: 2.4rem;
  }
}

@media (max-width:768px) {
  .c5 {
    font-size: 2.0rem;
  }
}

<div
  class="c0"
>
  <div
    class="c1"
  >
    <div
      style="display: block; overflow: hidden; position: absolute; top: 0px; left: 0px; bottom: 0px; right: 0px; box-sizing: border-box; margin: 0px;"
    >
      <noscript />
      <img
        alt="Quick-start guide to nuts and seeds"
        data-nimg="true"
        decoding="async"
        src="data:image/gif;base64,R0lGODlhAQABAIAAAAAAAP///yH5BAEAAAAALAAAAAABAAEAAAIBRAA7"
        style="position: absolute; top: 0px; left: 0px; bottom: 0px; right: 0px; box-sizing: border-box; padding: 0px; margin: auto; display: block; width: 0px; height: 0px; min-width: 100%; max-width: 100%; min-height: 100%; max-height: 100%; object-fit: cover;"
      />
    </div>
  </div>
  <div
    class="c2"
  >
    <h1
      class="c3"
    >
      Quick-start guide to nuts and seeds
    </h1>
    <div
      class="c4"
    >
      <div
        style="overflow: hidden; box-sizing: border-box; display: inline-block; position: relative; width: 50px; height: 50px;"
      >
        <noscript />
        <img
          alt="Kevin Ibrahim"
          class="AuthorPhoto"
          data-nimg="true"
          decoding="async"
          src="data:image/gif;base64,R0lGODlhAQABAIAAAAAAAP///yH5BAEAAAAALAAAAAABAAEAAAIBRAA7"
          style="position: absolute; top: 0px; left: 0px; bottom: 0px; right: 0px; box-sizing: border-box; padding: 0px; margin: auto; display: block; width: 0px; height: 0px; min-width: 100%; max-width: 100%; min-height: 100%; max-height: 100%; object-fit: cover;"
        />
      </div>
      <span
        class="c5"
      >
        Kevin Ibrahim
      </span>
    </div>
  </div>
</div>
`;
